#-----------------------------------------------------------
# Vivado v2020.1 (64-bit)
# SW Build 2902540 on Wed May 27 19:54:49 MDT 2020
# IP Build 2902112 on Wed May 27 22:43:36 MDT 2020
# Start of session at: Sat Nov  7 23:39:05 2020
# Process ID: 20748
# Current directory: D:/Courses/VE370/Project/p2/project2pipline
# Command line: vivado.exe -gui_launcher_event rodinguilauncherevent20528 D:\Courses\VE370\Project\p2\project2pipline\project2pipline.xpr
# Log file: D:/Courses/VE370/Project/p2/project2pipline/vivado.log
# Journal file: D:/Courses/VE370/Project/p2/project2pipline\vivado.jou
#-----------------------------------------------------------
start_gui
open_project D:/Courses/VE370/Project/p2/project2pipline/project2pipline.xpr
update_compile_order -fileset sources_1
launch_simulation
source p2pipelineSIM.tcl
close_sim
update_compile_order -fileset sim_1
update_compile_order -fileset sim_1
launch_simulation
source p2pipelineSIM.tcl
close_sim
launch_simulation
source p2pipelineSIM.tcl
close_sim
launch_simulation
launch_simulation
source p2pipelineSIM.tcl
close_sim
launch_simulation
source p2pipelineSIM.tcl
close_sim
launch_simulation
source p2pipelineSIM.tcl
close_sim
launch_simulation
source p2pipelineSIM.tcl
close_sim
launch_simulation
source p2pipelineSIM.tcl
close_sim
